// Jest Snapshot v1, https://goo.gl/fbAQLP

exports[`Welcome renders correctly 1`] = `
Array [
  <RCTScrollView
    contentInset={
      Object {
        "bottom": 0,
      }
    }
    contentInsetAdjustmentBehavior="never"
    getTextInputRefs={[Function]}
    onContentSizeChange={[Function]}
    onLayout={[Function]}
    onScroll={[Function]}
    scrollEventThrottle={200}
    scrollToBottomOnKBShow={false}
    scrollToInputAdditionalOffset={75}
    startScrolledToBottom={false}
    style={
      Object {
        "backgroundColor": "#EFEEF3",
      }
    }
  >
    <View>
      <View
        pointerEvents="auto"
        style={
          Object {
            "alignItems": undefined,
            "backgroundColor": undefined,
            "borderRadius": undefined,
            "flex": 1,
            "flexDirection": undefined,
            "height": undefined,
            "justifyContent": undefined,
            "margin": undefined,
            "marginBottom": undefined,
            "marginLeft": undefined,
            "marginRight": undefined,
            "marginTop": undefined,
            "padding": undefined,
            "paddingBottom": undefined,
            "paddingHorizontal": undefined,
            "paddingLeft": undefined,
            "paddingRight": undefined,
            "paddingTop": undefined,
            "width": undefined,
          }
        }
      >
        <View
          pointerEvents="auto"
          style={
            Object {
              "alignItems": undefined,
              "backgroundColor": undefined,
              "borderRadius": undefined,
              "flex": undefined,
              "flexDirection": undefined,
              "height": undefined,
              "justifyContent": undefined,
              "margin": undefined,
              "marginBottom": undefined,
              "marginLeft": undefined,
              "marginRight": undefined,
              "marginTop": undefined,
              "padding": 15,
              "paddingBottom": undefined,
              "paddingHorizontal": undefined,
              "paddingLeft": undefined,
              "paddingRight": undefined,
              "paddingTop": undefined,
              "width": undefined,
            }
          }
        >
          <View
            pointerEvents="auto"
            style={
              Object {
                "alignItems": undefined,
                "backgroundColor": undefined,
                "borderRadius": undefined,
                "flex": undefined,
                "flexDirection": undefined,
                "height": undefined,
                "justifyContent": undefined,
                "margin": undefined,
                "marginBottom": 15,
                "marginLeft": undefined,
                "marginRight": undefined,
                "marginTop": undefined,
                "padding": undefined,
                "paddingBottom": undefined,
                "paddingHorizontal": undefined,
                "paddingLeft": undefined,
                "paddingRight": undefined,
                "paddingTop": undefined,
                "width": undefined,
              }
            }
          >
            <Text
              style={
                Object {
                  "color": "#333333",
                  "fontSize": 24,
                  "fontWeight": "bold",
                }
              }
            >
              Credentials
            </Text>
          </View>
          <View
            pointerEvents="auto"
            style={
              Object {
                "alignItems": undefined,
                "backgroundColor": undefined,
                "borderRadius": undefined,
                "flex": undefined,
                "flexDirection": undefined,
                "height": undefined,
                "justifyContent": undefined,
                "margin": undefined,
                "marginBottom": undefined,
                "marginLeft": undefined,
                "marginRight": undefined,
                "marginTop": undefined,
                "padding": undefined,
                "paddingBottom": undefined,
                "paddingHorizontal": undefined,
                "paddingLeft": undefined,
                "paddingRight": undefined,
                "paddingTop": undefined,
                "width": undefined,
              }
            }
          >
            <View
              accessible={true}
              focusable={true}
              isTVSelectable={true}
              onClick={[Function]}
              onResponderGrant={[Function]}
              onResponderMove={[Function]}
              onResponderRelease={[Function]}
              onResponderTerminate={[Function]}
              onResponderTerminationRequest={[Function]}
              onStartShouldSetResponder={[Function]}
              style={
                Object {
                  "opacity": 1,
                }
              }
            >
              <View
                pointerEvents="auto"
                style={
                  Object {
                    "alignItems": undefined,
                    "backgroundColor": "#ffffff",
                    "borderRadius": 5,
                    "flex": undefined,
                    "flexDirection": undefined,
                    "height": undefined,
                    "justifyContent": undefined,
                    "margin": undefined,
                    "marginBottom": 15,
                    "marginLeft": undefined,
                    "marginRight": undefined,
                    "marginTop": undefined,
                    "padding": 15,
                    "paddingBottom": undefined,
                    "paddingHorizontal": undefined,
                    "paddingLeft": undefined,
                    "paddingRight": undefined,
                    "paddingTop": undefined,
                    "shadowColor": "#ffffff",
                    "shadowOpacity": 0.2,
                    "shadowRadius": 0.5,
                    "width": undefined,
                  }
                }
              >
                <View
                  pointerEvents="auto"
                  style={
                    Object {
                      "alignItems": "center",
                      "backgroundColor": undefined,
                      "borderRadius": undefined,
                      "flex": undefined,
                      "flexDirection": "row",
                      "height": undefined,
                      "justifyContent": undefined,
                      "margin": undefined,
                      "marginBottom": undefined,
                      "marginLeft": undefined,
                      "marginRight": undefined,
                      "marginTop": undefined,
                      "padding": undefined,
                      "paddingBottom": undefined,
                      "paddingHorizontal": undefined,
                      "paddingLeft": undefined,
                      "paddingRight": undefined,
                      "paddingTop": undefined,
                      "width": undefined,
                    }
                  }
                >
                  <View
                    pointerEvents="auto"
                    style={
                      Object {
                        "alignItems": undefined,
                        "backgroundColor": "#EAEAEA",
                        "borderRadius": undefined,
                        "flex": undefined,
                        "flexDirection": undefined,
                        "height": undefined,
                        "justifyContent": undefined,
                        "margin": undefined,
                        "marginBottom": undefined,
                        "marginLeft": undefined,
                        "marginRight": undefined,
                        "marginTop": undefined,
                        "padding": undefined,
                        "paddingBottom": undefined,
                        "paddingHorizontal": undefined,
                        "paddingLeft": undefined,
                        "paddingRight": undefined,
                        "paddingTop": undefined,
                        "width": undefined,
                      }
                    }
                  >
                    <Image
                      source={
                        Object {
                          "testUri": "../../../src/assets/images/space-x-logo.jpg",
                        }
                      }
                      style={
                        Object {
                          "backgroundColor": "#0078ff",
                          "borderRadius": 5,
                          "height": 40,
                          "width": 40,
                        }
                      }
                    />
                  </View>
                  <View
                    pointerEvents="auto"
                    style={
                      Object {
                        "alignItems": undefined,
                        "backgroundColor": undefined,
                        "borderRadius": undefined,
                        "flex": 1,
                        "flexDirection": undefined,
                        "height": undefined,
                        "justifyContent": undefined,
                        "margin": undefined,
                        "marginBottom": undefined,
                        "marginLeft": 15,
                        "marginRight": undefined,
                        "marginTop": undefined,
                        "padding": undefined,
                        "paddingBottom": undefined,
                        "paddingHorizontal": undefined,
                        "paddingLeft": undefined,
                        "paddingRight": undefined,
                        "paddingTop": undefined,
                        "width": undefined,
                      }
                    }
                  >
                    <View
                      pointerEvents="auto"
                      style={
                        Object {
                          "alignItems": undefined,
                          "backgroundColor": undefined,
                          "borderRadius": undefined,
                          "flex": undefined,
                          "flexDirection": undefined,
                          "height": undefined,
                          "justifyContent": undefined,
                          "margin": undefined,
                          "marginBottom": undefined,
                          "marginLeft": undefined,
                          "marginRight": undefined,
                          "marginTop": undefined,
                          "padding": undefined,
                          "paddingBottom": 3,
                          "paddingHorizontal": undefined,
                          "paddingLeft": undefined,
                          "paddingRight": undefined,
                          "paddingTop": undefined,
                          "width": undefined,
                        }
                      }
                    >
                      <Text
                        style={
                          Object {
                            "color": "#333333",
                            "fontSize": 18,
                            "fontWeight": "bold",
                          }
                        }
                      >
                        Serto ID
                      </Text>
                    </View>
                    <Text
                      style={
                        Object {
                          "color": "#BBBBBB",
                          "fontSize": 14,
                        }
                      }
                    >
                      Serto Identity Platform
                    </Text>
                  </View>
                </View>
              </View>
            </View>
            <View
              accessible={true}
              focusable={true}
              isTVSelectable={true}
              onClick={[Function]}
              onResponderGrant={[Function]}
              onResponderMove={[Function]}
              onResponderRelease={[Function]}
              onResponderTerminate={[Function]}
              onResponderTerminationRequest={[Function]}
              onStartShouldSetResponder={[Function]}
              style={
                Object {
                  "opacity": 1,
                }
              }
            >
              <View
                pointerEvents="auto"
                style={
                  Object {
                    "alignItems": undefined,
                    "backgroundColor": "#ffffff",
                    "borderRadius": 5,
                    "flex": undefined,
                    "flexDirection": undefined,
                    "height": undefined,
                    "justifyContent": undefined,
                    "margin": undefined,
                    "marginBottom": 15,
                    "marginLeft": undefined,
                    "marginRight": undefined,
                    "marginTop": undefined,
                    "padding": 15,
                    "paddingBottom": undefined,
                    "paddingHorizontal": undefined,
                    "paddingLeft": undefined,
                    "paddingRight": undefined,
                    "paddingTop": undefined,
                    "shadowColor": "#ffffff",
                    "shadowOpacity": 0.2,
                    "shadowRadius": 0.5,
                    "width": undefined,
                  }
                }
              >
                <View
                  pointerEvents="auto"
                  style={
                    Object {
                      "alignItems": "center",
                      "backgroundColor": undefined,
                      "borderRadius": undefined,
                      "flex": undefined,
                      "flexDirection": "row",
                      "height": undefined,
                      "justifyContent": undefined,
                      "margin": undefined,
                      "marginBottom": undefined,
                      "marginLeft": undefined,
                      "marginRight": undefined,
                      "marginTop": undefined,
                      "padding": undefined,
                      "paddingBottom": undefined,
                      "paddingHorizontal": undefined,
                      "paddingLeft": undefined,
                      "paddingRight": undefined,
                      "paddingTop": undefined,
                      "width": undefined,
                    }
                  }
                >
                  <View
                    pointerEvents="auto"
                    style={
                      Object {
                        "alignItems": undefined,
                        "backgroundColor": "#EAEAEA",
                        "borderRadius": undefined,
                        "flex": undefined,
                        "flexDirection": undefined,
                        "height": undefined,
                        "justifyContent": undefined,
                        "margin": undefined,
                        "marginBottom": undefined,
                        "marginLeft": undefined,
                        "marginRight": undefined,
                        "marginTop": undefined,
                        "padding": undefined,
                        "paddingBottom": undefined,
                        "paddingHorizontal": undefined,
                        "paddingLeft": undefined,
                        "paddingRight": undefined,
                        "paddingTop": undefined,
                        "width": undefined,
                      }
                    }
                  >
                    <Image
                      source={
                        Object {
                          "testUri": "../../../src/assets/images/space-x-logo.jpg",
                        }
                      }
                      style={
                        Object {
                          "backgroundColor": "#0078ff",
                          "borderRadius": 5,
                          "height": 40,
                          "width": 40,
                        }
                      }
                    />
                  </View>
                  <View
                    pointerEvents="auto"
                    style={
                      Object {
                        "alignItems": undefined,
                        "backgroundColor": undefined,
                        "borderRadius": undefined,
                        "flex": 1,
                        "flexDirection": undefined,
                        "height": undefined,
                        "justifyContent": undefined,
                        "margin": undefined,
                        "marginBottom": undefined,
                        "marginLeft": 15,
                        "marginRight": undefined,
                        "marginTop": undefined,
                        "padding": undefined,
                        "paddingBottom": undefined,
                        "paddingHorizontal": undefined,
                        "paddingLeft": undefined,
                        "paddingRight": undefined,
                        "paddingTop": undefined,
                        "width": undefined,
                      }
                    }
                  >
                    <View
                      pointerEvents="auto"
                      style={
                        Object {
                          "alignItems": undefined,
                          "backgroundColor": undefined,
                          "borderRadius": undefined,
                          "flex": undefined,
                          "flexDirection": undefined,
                          "height": undefined,
                          "justifyContent": undefined,
                          "margin": undefined,
                          "marginBottom": undefined,
                          "marginLeft": undefined,
                          "marginRight": undefined,
                          "marginTop": undefined,
                          "padding": undefined,
                          "paddingBottom": 3,
                          "paddingHorizontal": undefined,
                          "paddingLeft": undefined,
                          "paddingRight": undefined,
                          "paddingTop": undefined,
                          "width": undefined,
                        }
                      }
                    >
                      <Text
                        style={
                          Object {
                            "color": "#333333",
                            "fontSize": 18,
                            "fontWeight": "bold",
                          }
                        }
                      >
                        Credit Worthy
                      </Text>
                    </View>
                    <Text
                      style={
                        Object {
                          "color": "#BBBBBB",
                          "fontSize": 14,
                        }
                      }
                    >
                      Deutsche Bank
                    </Text>
                  </View>
                </View>
              </View>
            </View>
          </View>
        </View>
      </View>
    </View>
  </RCTScrollView>,
  <View
    pointerEvents="auto"
    style={
      Object {
        "alignItems": "center",
        "backgroundColor": undefined,
        "borderRadius": undefined,
        "bottom": 40,
        "flex": undefined,
        "flexDirection": undefined,
        "height": undefined,
        "justifyContent": undefined,
        "margin": undefined,
        "marginBottom": undefined,
        "marginLeft": undefined,
        "marginRight": undefined,
        "marginTop": undefined,
        "padding": undefined,
        "paddingBottom": undefined,
        "paddingHorizontal": undefined,
        "paddingLeft": undefined,
        "paddingRight": undefined,
        "paddingTop": undefined,
        "position": "absolute",
        "width": "100%",
      }
    }
  >
    <View
      pointerEvents="auto"
      style={
        Object {
          "alignItems": undefined,
          "backgroundColor": undefined,
          "borderRadius": undefined,
          "flex": undefined,
          "flexDirection": undefined,
          "height": undefined,
          "justifyContent": undefined,
          "margin": undefined,
          "marginBottom": undefined,
          "marginLeft": undefined,
          "marginRight": undefined,
          "marginTop": undefined,
          "padding": undefined,
          "paddingBottom": undefined,
          "paddingHorizontal": undefined,
          "paddingLeft": undefined,
          "paddingRight": undefined,
          "paddingTop": undefined,
          "width": undefined,
        }
      }
    >
      <View
        accessibilityLabel="SCAN_BTN"
        accessible={true}
        focusable={true}
        isTVSelectable={true}
        onClick={[Function]}
        onResponderGrant={[Function]}
        onResponderMove={[Function]}
        onResponderRelease={[Function]}
        onResponderTerminate={[Function]}
        onResponderTerminationRequest={[Function]}
        onStartShouldSetResponder={[Function]}
        style={
          Object {
            "alignItems": "center",
            "backgroundColor": "#0078ff",
            "borderRadius": 50,
            "elevation": 3,
            "height": 70,
            "justifyContent": "center",
            "opacity": 1,
            "shadowColor": "#000000",
            "shadowOpacity": 0.3,
            "shadowRadius": 20,
            "width": 70,
          }
        }
        testID="SCAN_BTN"
      >
        <Text
          allowFontScaling={false}
          style={
            Array [
              Object {
                "color": "#FFFFFF",
                "fontSize": 35,
              },
              undefined,
              Object {
                "fontFamily": "Ionicons",
                "fontStyle": "normal",
                "fontWeight": "normal",
              },
              Object {},
            ]
          }
        >
          
        </Text>
      </View>
    </View>
  </View>,
]
`;
