// Jest Snapshot v1, https://goo.gl/fbAQLP

exports[`renders correctly 1`] = `
Array [
  <RCTSafeAreaView
    emulateUnlessSupported={true}
    style={
      Object {
        "backgroundColor": undefined,
      }
    }
  />,
  <RCTScrollView
    contentInset={
      Object {
        "bottom": 0,
      }
    }
    contentInsetAdjustmentBehavior="never"
    getTextInputRefs={[Function]}
    onContentSizeChange={[Function]}
    onLayout={[Function]}
    onScroll={[Function]}
    scrollEventThrottle={200}
    scrollToBottomOnKBShow={false}
    scrollToInputAdditionalOffset={75}
    startScrolledToBottom={false}
    style={
      Object {
        "backgroundColor": "#EFEEF3",
      }
    }
  >
    <View>
      <View
        pointerEvents="auto"
        style={
          Object {
            "alignItems": undefined,
            "backgroundColor": undefined,
            "borderRadius": undefined,
            "flex": 1,
            "flexDirection": undefined,
            "height": undefined,
            "justifyContent": undefined,
            "marginBottom": undefined,
            "marginLeft": undefined,
            "marginRight": undefined,
            "marginTop": undefined,
            "padding": undefined,
            "paddingBottom": undefined,
            "paddingHorizontal": undefined,
            "paddingLeft": undefined,
            "paddingRight": undefined,
            "paddingTop": undefined,
            "width": undefined,
          }
        }
      >
        <View
          pointerEvents="auto"
          style={
            Object {
              "alignItems": "center",
              "backgroundColor": "#1EA17A",
              "borderRadius": undefined,
              "flex": undefined,
              "flexDirection": undefined,
              "height": undefined,
              "justifyContent": undefined,
              "marginBottom": undefined,
              "marginLeft": undefined,
              "marginRight": undefined,
              "marginTop": undefined,
              "padding": 15,
              "paddingBottom": undefined,
              "paddingHorizontal": undefined,
              "paddingLeft": undefined,
              "paddingRight": undefined,
              "paddingTop": undefined,
              "width": undefined,
            }
          }
        >
          <Text
            style={
              Object {
                "color": "#FFFFFF",
              }
            }
          >
            Environment
            : 
            dev
          </Text>
        </View>
        <View
          pointerEvents="auto"
          style={
            Object {
              "alignItems": undefined,
              "backgroundColor": undefined,
              "borderRadius": undefined,
              "flex": 1,
              "flexDirection": undefined,
              "height": undefined,
              "justifyContent": undefined,
              "marginBottom": undefined,
              "marginLeft": undefined,
              "marginRight": undefined,
              "marginTop": undefined,
              "padding": 15,
              "paddingBottom": undefined,
              "paddingHorizontal": undefined,
              "paddingLeft": undefined,
              "paddingRight": undefined,
              "paddingTop": undefined,
              "width": undefined,
            }
          }
        >
          <View
            pointerEvents="auto"
            style={
              Object {
                "alignItems": undefined,
                "backgroundColor": undefined,
                "borderRadius": undefined,
                "flex": undefined,
                "flexDirection": undefined,
                "height": undefined,
                "justifyContent": undefined,
                "marginBottom": 15,
                "marginLeft": undefined,
                "marginRight": undefined,
                "marginTop": undefined,
                "padding": undefined,
                "paddingBottom": undefined,
                "paddingHorizontal": undefined,
                "paddingLeft": undefined,
                "paddingRight": undefined,
                "paddingTop": undefined,
                "width": undefined,
              }
            }
          >
            <View
              accessible={true}
              isTVSelectable={true}
              onResponderGrant={[Function]}
              onResponderMove={[Function]}
              onResponderRelease={[Function]}
              onResponderTerminate={[Function]}
              onResponderTerminationRequest={[Function]}
              onStartShouldSetResponder={[Function]}
              style={
                Object {
                  "alignItems": "center",
                  "backgroundColor": "#0078ff",
                  "borderRadius": 8,
                  "padding": 15,
                }
              }
            >
              <View
                pointerEvents="auto"
                style={
                  Object {
                    "alignItems": undefined,
                    "backgroundColor": undefined,
                    "borderRadius": undefined,
                    "flex": undefined,
                    "flexDirection": "row",
                    "height": undefined,
                    "justifyContent": "center",
                    "marginBottom": undefined,
                    "marginLeft": undefined,
                    "marginRight": undefined,
                    "marginTop": undefined,
                    "padding": undefined,
                    "paddingBottom": undefined,
                    "paddingHorizontal": undefined,
                    "paddingLeft": undefined,
                    "paddingRight": undefined,
                    "paddingTop": undefined,
                    "width": undefined,
                  }
                }
              >
                <View
                  pointerEvents="auto"
                  style={
                    Object {
                      "alignItems": "center",
                      "backgroundColor": undefined,
                      "borderRadius": undefined,
                      "flex": undefined,
                      "flexDirection": undefined,
                      "height": undefined,
                      "justifyContent": "center",
                      "marginBottom": undefined,
                      "marginLeft": undefined,
                      "marginRight": undefined,
                      "marginTop": undefined,
                      "padding": undefined,
                      "paddingBottom": undefined,
                      "paddingHorizontal": undefined,
                      "paddingLeft": undefined,
                      "paddingRight": undefined,
                      "paddingTop": undefined,
                      "width": undefined,
                    }
                  }
                >
                  <Text
                    style={
                      Object {
                        "color": "#FFFFFF",
                        "fontSize": 18,
                      }
                    }
                  >
                    Logs
                  </Text>
                </View>
              </View>
            </View>
          </View>
          <View
            pointerEvents="auto"
            style={
              Object {
                "alignItems": undefined,
                "backgroundColor": undefined,
                "borderRadius": undefined,
                "flex": undefined,
                "flexDirection": undefined,
                "height": undefined,
                "justifyContent": undefined,
                "marginBottom": 15,
                "marginLeft": undefined,
                "marginRight": undefined,
                "marginTop": undefined,
                "padding": undefined,
                "paddingBottom": undefined,
                "paddingHorizontal": undefined,
                "paddingLeft": undefined,
                "paddingRight": undefined,
                "paddingTop": undefined,
                "width": undefined,
              }
            }
          >
            <View
              accessible={true}
              isTVSelectable={true}
              onResponderGrant={[Function]}
              onResponderMove={[Function]}
              onResponderRelease={[Function]}
              onResponderTerminate={[Function]}
              onResponderTerminationRequest={[Function]}
              onStartShouldSetResponder={[Function]}
              style={
                Object {
                  "alignItems": "center",
                  "backgroundColor": "#0078ff",
                  "borderRadius": 8,
                  "padding": 15,
                }
              }
            >
              <View
                pointerEvents="auto"
                style={
                  Object {
                    "alignItems": undefined,
                    "backgroundColor": undefined,
                    "borderRadius": undefined,
                    "flex": undefined,
                    "flexDirection": "row",
                    "height": undefined,
                    "justifyContent": "center",
                    "marginBottom": undefined,
                    "marginLeft": undefined,
                    "marginRight": undefined,
                    "marginTop": undefined,
                    "padding": undefined,
                    "paddingBottom": undefined,
                    "paddingHorizontal": undefined,
                    "paddingLeft": undefined,
                    "paddingRight": undefined,
                    "paddingTop": undefined,
                    "width": undefined,
                  }
                }
              >
                <View
                  pointerEvents="auto"
                  style={
                    Object {
                      "alignItems": "center",
                      "backgroundColor": undefined,
                      "borderRadius": undefined,
                      "flex": undefined,
                      "flexDirection": undefined,
                      "height": undefined,
                      "justifyContent": "center",
                      "marginBottom": undefined,
                      "marginLeft": undefined,
                      "marginRight": undefined,
                      "marginTop": undefined,
                      "padding": undefined,
                      "paddingBottom": undefined,
                      "paddingHorizontal": undefined,
                      "paddingLeft": undefined,
                      "paddingRight": undefined,
                      "paddingTop": undefined,
                      "width": undefined,
                    }
                  }
                >
                  <Text
                    style={
                      Object {
                        "color": "#FFFFFF",
                        "fontSize": 18,
                      }
                    }
                  >
                    Configuration
                  </Text>
                </View>
              </View>
            </View>
          </View>
          <View
            pointerEvents="auto"
            style={
              Object {
                "alignItems": undefined,
                "backgroundColor": undefined,
                "borderRadius": undefined,
                "flex": undefined,
                "flexDirection": undefined,
                "height": undefined,
                "justifyContent": undefined,
                "marginBottom": 15,
                "marginLeft": undefined,
                "marginRight": undefined,
                "marginTop": undefined,
                "padding": undefined,
                "paddingBottom": undefined,
                "paddingHorizontal": undefined,
                "paddingLeft": undefined,
                "paddingRight": undefined,
                "paddingTop": undefined,
                "width": undefined,
              }
            }
          >
            <View
              accessible={true}
              isTVSelectable={true}
              onResponderGrant={[Function]}
              onResponderMove={[Function]}
              onResponderRelease={[Function]}
              onResponderTerminate={[Function]}
              onResponderTerminationRequest={[Function]}
              onStartShouldSetResponder={[Function]}
              style={
                Object {
                  "alignItems": "center",
                  "backgroundColor": "#0078ff",
                  "borderRadius": 8,
                  "padding": 15,
                }
              }
            >
              <View
                pointerEvents="auto"
                style={
                  Object {
                    "alignItems": undefined,
                    "backgroundColor": undefined,
                    "borderRadius": undefined,
                    "flex": undefined,
                    "flexDirection": "row",
                    "height": undefined,
                    "justifyContent": "center",
                    "marginBottom": undefined,
                    "marginLeft": undefined,
                    "marginRight": undefined,
                    "marginTop": undefined,
                    "padding": undefined,
                    "paddingBottom": undefined,
                    "paddingHorizontal": undefined,
                    "paddingLeft": undefined,
                    "paddingRight": undefined,
                    "paddingTop": undefined,
                    "width": undefined,
                  }
                }
              >
                <View
                  pointerEvents="auto"
                  style={
                    Object {
                      "alignItems": "center",
                      "backgroundColor": undefined,
                      "borderRadius": undefined,
                      "flex": undefined,
                      "flexDirection": undefined,
                      "height": undefined,
                      "justifyContent": "center",
                      "marginBottom": undefined,
                      "marginLeft": undefined,
                      "marginRight": undefined,
                      "marginTop": undefined,
                      "padding": undefined,
                      "paddingBottom": undefined,
                      "paddingHorizontal": undefined,
                      "paddingLeft": undefined,
                      "paddingRight": undefined,
                      "paddingTop": undefined,
                      "width": undefined,
                    }
                  }
                >
                  <Text
                    style={
                      Object {
                        "color": "#FFFFFF",
                        "fontSize": 18,
                      }
                    }
                  >
                    Signer
                  </Text>
                </View>
              </View>
            </View>
          </View>
          <View
            pointerEvents="auto"
            style={
              Object {
                "alignItems": undefined,
                "backgroundColor": undefined,
                "borderRadius": undefined,
                "flex": undefined,
                "flexDirection": undefined,
                "height": undefined,
                "justifyContent": undefined,
                "marginBottom": 15,
                "marginLeft": undefined,
                "marginRight": undefined,
                "marginTop": undefined,
                "padding": undefined,
                "paddingBottom": undefined,
                "paddingHorizontal": undefined,
                "paddingLeft": undefined,
                "paddingRight": undefined,
                "paddingTop": undefined,
                "width": undefined,
              }
            }
          >
            <View
              accessible={true}
              isTVSelectable={true}
              onResponderGrant={[Function]}
              onResponderMove={[Function]}
              onResponderRelease={[Function]}
              onResponderTerminate={[Function]}
              onResponderTerminationRequest={[Function]}
              onStartShouldSetResponder={[Function]}
              style={
                Object {
                  "alignItems": "center",
                  "backgroundColor": "#0078ff",
                  "borderRadius": 8,
                  "padding": 15,
                }
              }
            >
              <View
                pointerEvents="auto"
                style={
                  Object {
                    "alignItems": undefined,
                    "backgroundColor": undefined,
                    "borderRadius": undefined,
                    "flex": undefined,
                    "flexDirection": "row",
                    "height": undefined,
                    "justifyContent": "center",
                    "marginBottom": undefined,
                    "marginLeft": undefined,
                    "marginRight": undefined,
                    "marginTop": undefined,
                    "padding": undefined,
                    "paddingBottom": undefined,
                    "paddingHorizontal": undefined,
                    "paddingLeft": undefined,
                    "paddingRight": undefined,
                    "paddingTop": undefined,
                    "width": undefined,
                  }
                }
              >
                <View
                  pointerEvents="auto"
                  style={
                    Object {
                      "alignItems": "center",
                      "backgroundColor": undefined,
                      "borderRadius": undefined,
                      "flex": undefined,
                      "flexDirection": undefined,
                      "height": undefined,
                      "justifyContent": "center",
                      "marginBottom": undefined,
                      "marginLeft": undefined,
                      "marginRight": undefined,
                      "marginTop": undefined,
                      "padding": undefined,
                      "paddingBottom": undefined,
                      "paddingHorizontal": undefined,
                      "paddingLeft": undefined,
                      "paddingRight": undefined,
                      "paddingTop": undefined,
                      "width": undefined,
                    }
                  }
                >
                  <Text
                    style={
                      Object {
                        "color": "#FFFFFF",
                        "fontSize": 18,
                      }
                    }
                  >
                    CodePush
                  </Text>
                </View>
              </View>
            </View>
          </View>
          <View
            pointerEvents="auto"
            style={
              Object {
                "alignItems": undefined,
                "backgroundColor": undefined,
                "borderRadius": undefined,
                "flex": undefined,
                "flexDirection": undefined,
                "height": undefined,
                "justifyContent": undefined,
                "marginBottom": 15,
                "marginLeft": undefined,
                "marginRight": undefined,
                "marginTop": undefined,
                "padding": undefined,
                "paddingBottom": undefined,
                "paddingHorizontal": undefined,
                "paddingLeft": undefined,
                "paddingRight": undefined,
                "paddingTop": undefined,
                "width": undefined,
              }
            }
          >
            <View
              accessible={true}
              isTVSelectable={true}
              onResponderGrant={[Function]}
              onResponderMove={[Function]}
              onResponderRelease={[Function]}
              onResponderTerminate={[Function]}
              onResponderTerminationRequest={[Function]}
              onStartShouldSetResponder={[Function]}
              style={
                Object {
                  "alignItems": "center",
                  "backgroundColor": "#0078ff",
                  "borderRadius": 8,
                  "padding": 15,
                }
              }
            >
              <View
                pointerEvents="auto"
                style={
                  Object {
                    "alignItems": undefined,
                    "backgroundColor": undefined,
                    "borderRadius": undefined,
                    "flex": undefined,
                    "flexDirection": "row",
                    "height": undefined,
                    "justifyContent": "center",
                    "marginBottom": undefined,
                    "marginLeft": undefined,
                    "marginRight": undefined,
                    "marginTop": undefined,
                    "padding": undefined,
                    "paddingBottom": undefined,
                    "paddingHorizontal": undefined,
                    "paddingLeft": undefined,
                    "paddingRight": undefined,
                    "paddingTop": undefined,
                    "width": undefined,
                  }
                }
              >
                <View
                  pointerEvents="auto"
                  style={
                    Object {
                      "alignItems": "center",
                      "backgroundColor": undefined,
                      "borderRadius": undefined,
                      "flex": undefined,
                      "flexDirection": undefined,
                      "height": undefined,
                      "justifyContent": "center",
                      "marginBottom": undefined,
                      "marginLeft": undefined,
                      "marginRight": undefined,
                      "marginTop": undefined,
                      "padding": undefined,
                      "paddingBottom": undefined,
                      "paddingHorizontal": undefined,
                      "paddingLeft": undefined,
                      "paddingRight": undefined,
                      "paddingTop": undefined,
                      "width": undefined,
                    }
                  }
                >
                  <Text
                    style={
                      Object {
                        "color": "#FFFFFF",
                        "fontSize": 18,
                      }
                    }
                  >
                    change
                  </Text>
                </View>
              </View>
            </View>
          </View>
          <View
            pointerEvents="auto"
            style={
              Object {
                "alignItems": undefined,
                "backgroundColor": undefined,
                "borderRadius": undefined,
                "flex": undefined,
                "flexDirection": undefined,
                "height": undefined,
                "justifyContent": undefined,
                "marginBottom": 15,
                "marginLeft": undefined,
                "marginRight": undefined,
                "marginTop": undefined,
                "padding": undefined,
                "paddingBottom": undefined,
                "paddingHorizontal": undefined,
                "paddingLeft": undefined,
                "paddingRight": undefined,
                "paddingTop": undefined,
                "width": undefined,
              }
            }
          >
            <View
              accessible={true}
              isTVSelectable={true}
              onResponderGrant={[Function]}
              onResponderMove={[Function]}
              onResponderRelease={[Function]}
              onResponderTerminate={[Function]}
              onResponderTerminationRequest={[Function]}
              onStartShouldSetResponder={[Function]}
              style={
                Object {
                  "alignItems": "center",
                  "backgroundColor": "#FFFFFF",
                  "borderColor": "#3DCF8A",
                  "borderRadius": 8,
                  "borderWidth": 2,
                  "padding": 15,
                }
              }
            >
              <View
                pointerEvents="auto"
                style={
                  Object {
                    "alignItems": undefined,
                    "backgroundColor": undefined,
                    "borderRadius": undefined,
                    "flex": undefined,
                    "flexDirection": "row",
                    "height": undefined,
                    "justifyContent": "center",
                    "marginBottom": undefined,
                    "marginLeft": undefined,
                    "marginRight": undefined,
                    "marginTop": undefined,
                    "padding": undefined,
                    "paddingBottom": undefined,
                    "paddingHorizontal": undefined,
                    "paddingLeft": undefined,
                    "paddingRight": undefined,
                    "paddingTop": undefined,
                    "width": undefined,
                  }
                }
              >
                <View
                  pointerEvents="auto"
                  style={
                    Object {
                      "alignItems": "center",
                      "backgroundColor": undefined,
                      "borderRadius": undefined,
                      "flex": undefined,
                      "flexDirection": undefined,
                      "height": undefined,
                      "justifyContent": "center",
                      "marginBottom": undefined,
                      "marginLeft": undefined,
                      "marginRight": undefined,
                      "marginTop": undefined,
                      "padding": undefined,
                      "paddingBottom": undefined,
                      "paddingHorizontal": undefined,
                      "paddingLeft": undefined,
                      "paddingRight": undefined,
                      "paddingTop": undefined,
                      "width": undefined,
                    }
                  }
                >
                  <Text
                    style={
                      Object {
                        "color": "#3DCF8A",
                        "fontSize": 18,
                      }
                    }
                  >
                    Crash App 6
                  </Text>
                </View>
              </View>
            </View>
          </View>
        </View>
      </View>
    </View>
  </RCTScrollView>,
  <RCTSafeAreaView
    emulateUnlessSupported={true}
    style={
      Object {
        "backgroundColor": undefined,
      }
    }
  />,
]
`;
